
> accoglienza-invernale@0.1.0 build
> next build

▲ Next.js 16.4.0 (Turbopack)
- Environments: .env.local
✓ Running next.config.ts took 130ms

  Creating an optimized production build ...
✓ Compiled successfully in 4.0s
  Running TypeScript ...
  Finished TypeScript in 17.2s ...
  Collecting page data using 3 workers ...
  Generating static pages using 3 workers (0/4) ...
  Generating static pages using 3 workers (1/4) 
  Generating static pages using 3 workers (2/4) 
  Generating static pages using 3 workers (3/4) 
✓ Generating static pages using 3 workers (4/4) in 610ms
  Finalizing page optimization ...

Route (app)
┌ ƒ /
├ ○ /_not-found
└ ƒ /login


○  (Static)   prerendered as static content
ƒ  (Dynamic)  server-rendered on demand

